// Jest Snapshot v1, https://goo.gl/fbAQLP

exports[`<App /> renders correctly 1`] = `
<div>
  <Header />
  <form
    onSubmit={[Function]}
  >
    <label>
      I want to know the weather for:
      <input
        onChange={[Function]}
        placeholder="City, Country"
        type="text"
        value=""
      />
    </label>
  </form>
  <div
    className="wrapper"
  >
    <p
      className="temp-wrapper"
    >
      <span
        className="temp"
      >
        Enter Location
      </span>
      <span
        className="temp-date"
      />
    </p>
  </div>
</div>
`;
